#
# There is insufficient memory for the Java Runtime Environment to continue.
# Native memory allocation (malloc) failed to allocate 623856 bytes. Error detail: Chunk::new
# Possible reasons:
#   The system is out of physical RAM or swap space
#   This process is running with CompressedOops enabled, and the Java Heap may be blocking the growth of the native heap
# Possible solutions:
#   Reduce memory load on the system
#   Increase physical memory or swap space
#   Check if swap backing store is full
#   Decrease Java heap size (-Xmx/-Xms)
#   Decrease number of Java threads
#   Decrease Java thread stack sizes (-Xss)
#   Set larger code cache with -XX:ReservedCodeCacheSize=
#   JVM is running with Unscaled Compressed Oops mode in which the Java heap is
#     placed in the first 4GB address space. The Java Heap base address is the
#     maximum limit for the native heap growth. Please use -XX:HeapBaseMinAddress
#     to set the Java Heap base and to place the Java Heap above 4GB virtual address.
# This output file may be truncated or incomplete.
#
#  Out of Memory Error (arena.cpp:149), pid=30800, tid=35676
#
# JRE version: Java(TM) SE Runtime Environment (23.0.1+11) (build 23.0.1+11-39)
# Java VM: Java HotSpot(TM) 64-Bit Server VM (23.0.1+11-39, mixed mode, sharing, tiered, compressed oops, compressed class ptrs, g1 gc, windows-amd64)
# No core dump will be written. Minidumps are not enabled by default on client versions of Windows
#

---------------  S U M M A R Y ------------

Command Line: C:\Users\ektas\AppData\Local\Temp\surefire12511736103652634093\surefirebooter-20260826021748130_3.jar C:\Users\ektas\AppData\Local\Temp\surefire12511736103652634093 2026-08-26T02-17-42_668-jvmRun1 surefire-20260826021748130_1tmp surefire_0-20260826021748130_2tmp

Host: 12th Gen Intel(R) Core(TM) i5-12450H, 12 cores, 7G,  Windows 11 , 64 bit Build 26100 (10.0.26100.8972)
Time: Wed Aug 26 02:19:20 2026 India Standard Time elapsed time: 81.826425 seconds (0d 0h 1m 21s)

---------------  T H R E A D  ---------------

Current thread (0x000001b0e52cc6e0):  JavaThread "C2 CompilerThread0" daemon [_thread_in_native, id=35676, stack(0x0000001dc3c00000,0x0000001dc3d00000) (1024K)]


Current CompileTask:
C2:81826 3721   !   4       java.net.URL::<init> (543 bytes)

Stack: [0x0000001dc3c00000,0x0000001dc3d00000]
Native frames: (J=compiled Java code, j=interpreted, Vv=VM code, C=native code)
V  [jvm.dll+0x6e08b9]  (no source info available)
V  [jvm.dll+0x87dc83]  (no source info available)
V  [jvm.dll+0x88010e]  (no source info available)
V  [jvm.dll+0x8807e3]  (no source info available)
V  [jvm.dll+0x27aee6]  (no source info available)
V  [jvm.dll+0xbc06f]  (no source info available)
V  [jvm.dll+0xbc2cb]  (no source info available)
V  [jvm.dll+0x2ee94d]  (no source info available)
V  [jvm.dll+0x6063d9]  (no source info available)
V  [jvm.dll+0x24ddf2]  (no source info available)
V  [jvm.dll+0x24e1d5]  (no source info available)
V  [jvm.dll+0x246b54]  (no source info available)
V  [jvm.dll+0x243d04]  (no source info available)
V  [jvm.dll+0x1c33a0]  (no source info available)
V  [jvm.dll+0x253cf1]  (no source info available)
V  [jvm.dll+0x251faa]  (no source info available)
V  [jvm.dll+0x3ee036]  (no source info available)
V  [jvm.dll+0x824f8b]  (no source info available)
V  [jvm.dll+0x6df065]  (no source info available)
C  [ucrtbase.dll+0x2cd30]  (no source info available)
C  [KERNEL32.DLL+0x2ccb7]  (no source info available)
C  [ntdll.dll+0xaad6c]  (no source info available)

Lock stack of current Java thread (top to bottom):


---------------  P R O C E S S  ---------------

Threads class SMR info:
_java_thread_list=0x000001b0e5c6db40, length=14, elements={
0x000001b0c5f231e0, 0x000001b0e52bd390, 0x000001b0e52bff20, 0x000001b0e52c41e0,
0x000001b0e52c4c40, 0x000001b0e52caef0, 0x000001b0e52cb950, 0x000001b0e52cc6e0,
0x000001b0e52cd190, 0x000001b0c503e570, 0x000001b0c504f820, 0x000001b0c51d4590,
0x000001b0c50ee8f0, 0x000001b0e5d72f40
}

Java Threads: ( => current thread )
  0x000001b0c5f231e0 JavaThread "main"                              [_thread_in_vm, id=32828, stack(0x0000001dc2e00000,0x0000001dc2f00000) (1024K)]
  0x000001b0e52bd390 JavaThread "Reference Handler"          daemon [_thread_blocked, id=23940, stack(0x0000001dc3600000,0x0000001dc3700000) (1024K)]
  0x000001b0e52bff20 JavaThread "Finalizer"                  daemon [_thread_blocked, id=29888, stack(0x0000001dc3700000,0x0000001dc3800000) (1024K)]
  0x000001b0e52c41e0 JavaThread "Signal Dispatcher"          daemon [_thread_blocked, id=24300, stack(0x0000001dc3800000,0x0000001dc3900000) (1024K)]
  0x000001b0e52c4c40 JavaThread "Attach Listener"            daemon [_thread_blocked, id=31580, stack(0x0000001dc3900000,0x0000001dc3a00000) (1024K)]
  0x000001b0e52caef0 JavaThread "Service Thread"             daemon [_thread_blocked, id=36624, stack(0x0000001dc3a00000,0x0000001dc3b00000) (1024K)]
  0x000001b0e52cb950 JavaThread "Monitor Deflation Thread"   daemon [_thread_blocked, id=4456, stack(0x0000001dc3b00000,0x0000001dc3c00000) (1024K)]
=>0x000001b0e52cc6e0 JavaThread "C2 CompilerThread0"         daemon [_thread_in_native, id=35676, stack(0x0000001dc3c00000,0x0000001dc3d00000) (1024K)]
  0x000001b0e52cd190 JavaThread "C1 CompilerThread0"         daemon [_thread_blocked, id=29880, stack(0x0000001dc3d00000,0x0000001dc3e00000) (1024K)]
  0x000001b0c503e570 JavaThread "Notification Thread"        daemon [_thread_blocked, id=24940, stack(0x0000001dc3e00000,0x0000001dc3f00000) (1024K)]
  0x000001b0c504f820 JavaThread "Common-Cleaner"             daemon [_thread_blocked, id=13060, stack(0x0000001dc3f00000,0x0000001dc4000000) (1024K)]
  0x000001b0c51d4590 JavaThread "surefire-forkedjvm-stream-flusher" daemon [_thread_blocked, id=16552, stack(0x0000001dc4000000,0x0000001dc4100000) (1024K)]
  0x000001b0c50ee8f0 JavaThread "surefire-forkedjvm-command-thread" daemon [_thread_in_native, id=17516, stack(0x0000001dc4100000,0x0000001dc4200000) (1024K)]
  0x000001b0e5d72f40 JavaThread "background-preinit"                [_thread_in_vm, id=19096, stack(0x0000001dc2d00000,0x0000001dc2e00000) (1024K)]
Total: 14

Other Threads:
  0x000001b0e529e4f0 VMThread "VM Thread"                           [id=15736, stack(0x0000001dc3500000,0x0000001dc3600000) (1024K)]
  0x000001b0e528b3d0 WatcherThread "VM Periodic Task Thread"        [id=21228, stack(0x0000001dc3400000,0x0000001dc3500000) (1024K)]
  0x000001b0c83c2e50 WorkerThread "GC Thread#0"                     [id=24620, stack(0x0000001dc2f00000,0x0000001dc3000000) (1024K)]
  0x000001b0e56197e0 WorkerThread "GC Thread#1"                     [id=23060, stack(0x0000001dc4200000,0x0000001dc4300000) (1024K)]
  0x000001b0e566d0a0 WorkerThread "GC Thread#2"                     [id=29868, stack(0x0000001dc4300000,0x0000001dc4400000) (1024K)]
  0x000001b0e5519760 WorkerThread "GC Thread#3"                     [id=23968, stack(0x0000001dc4400000,0x0000001dc4500000) (1024K)]
  0x000001b0e5502a20 WorkerThread "GC Thread#4"                     [id=32840, stack(0x0000001dc4500000,0x0000001dc4600000) (1024K)]
  0x000001b0e5502670 WorkerThread "GC Thread#5"                     [id=31788, stack(0x0000001dc2c00000,0x0000001dc2d00000) (1024K)]
  0x000001b0e5503530 WorkerThread "GC Thread#6"                     [id=22928, stack(0x0000001dc4600000,0x0000001dc4700000) (1024K)]
  0x000001b0e5502dd0 WorkerThread "GC Thread#7"                     [id=36672, stack(0x0000001dc4700000,0x0000001dc4800000) (1024K)]
  0x000001b0e5503180 WorkerThread "GC Thread#8"                     [id=15308, stack(0x0000001dc4800000,0x0000001dc4900000) (1024K)]
  0x000001b0e5501f10 WorkerThread "GC Thread#9"                     [id=30896, stack(0x0000001dc4b00000,0x0000001dc4c00000) (1024K)]
  0x000001b0c83d7e70 ConcurrentGCThread "G1 Main Marker"            [id=2484, stack(0x0000001dc3000000,0x0000001dc3100000) (1024K)]
  0x000001b0c83dbdc0 WorkerThread "G1 Conc#0"                       [id=19772, stack(0x0000001dc3100000,0x0000001dc3200000) (1024K)]
  0x000001b0e5c62b80 WorkerThread "G1 Conc#1"                       [id=4952, stack(0x0000001dc4d00000,0x0000001dc4e00000) (1024K)]
  0x000001b0e5c5f7e0 WorkerThread "G1 Conc#2"                       [id=32868, stack(0x0000001dc4e00000,0x0000001dc4f00000) (1024K)]
  0x000001b0e515e550 ConcurrentGCThread "G1 Refine#0"               [id=22876, stack(0x0000001dc3200000,0x0000001dc3300000) (1024K)]
  0x000001b0e515eee0 ConcurrentGCThread "G1 Service"                [id=24704, stack(0x0000001dc3300000,0x0000001dc3400000) (1024K)]
Total: 18

Threads with active compile tasks:
C2 CompilerThread0  82039 3721   !   4       java.net.URL::<init> (543 bytes)
Total: 1

VM state: not at safepoint (normal execution)

VM Mutex/Monitor currently owned by a thread:  ([mutex/lock_event])
[0x00007ffe8a9f1890] Metaspace_lock - owner thread: 0x000001b0e5d72f40

Heap address: 0x0000000085800000, size: 1960 MB, Compressed Oops mode: 32-bit

CDS archive(s) mapped at: [0x000001b080000000-0x000001b080d70000-0x000001b080d70000), size 14090240, SharedBaseAddress: 0x000001b080000000, ArchiveRelocationMode: 1.
Compressed class space mapped at: 0x000001b081000000-0x000001b0c1000000, reserved size: 1073741824
Narrow klass base: 0x000001b080000000, Narrow klass shift: 0, Narrow klass range: 0x41000000

GC Precious Log:
 CardTable entry size: 512
 Card Set container configuration: InlinePtr #cards 5 size 8 Array Of Cards #cards 10 size 36 Howl #buckets 4 coarsen threshold 1843 Howl Bitmap #cards 512 size 80 coarsen threshold 460 Card regions per heap region 1 cards per card region 2048
 CPUs: 12 total, 12 available
 Memory: 7832M
 Large Page Support: Disabled
 NUMA Support: Disabled
 Compressed Oops: Enabled (32-bit)
 Heap Region Size: 1M
 Heap Min Capacity: 8M
 Heap Initial Capacity: 124M
 Heap Max Capacity: 1960M
 Pre-touch: Disabled
 Parallel Workers: 10
 Concurrent Workers: 3
 Concurrent Refinement Workers: 10
 Periodic GC: Disabled

Heap:
 garbage-first heap   total reserved 2007040K, committed 86016K, used 56403K [0x0000000085800000, 0x0000000100000000)
  region size 1024K, 36 young (36864K), 3 survivors (3072K)
 Metaspace       used 28279K, committed 28672K, reserved 1114112K
  class space    used 3684K, committed 3840K, reserved 1048576K

Heap Regions: E=young(eden), S=young(survivor), O=old, HS=humongous(starts), HC=humongous(continues), CS=collection set, F=free, TAMS=top-at-mark-start, PB=parsable bottom
|   0|0x0000000085800000, 0x0000000085900000, 0x0000000085900000|100%|HS|  |TAMS 0x0000000085800000| PB 0x0000000085800000| Complete |  0
|   1|0x0000000085900000, 0x0000000085a00000, 0x0000000085a00000|100%| O|  |TAMS 0x0000000085900000| PB 0x0000000085900000| Untracked |  0
|   2|0x0000000085a00000, 0x0000000085b00000, 0x0000000085b00000|100%| O|  |TAMS 0x0000000085a00000| PB 0x0000000085a00000| Untracked |  0
|   3|0x0000000085b00000, 0x0000000085c00000, 0x0000000085c00000|100%| O|  |TAMS 0x0000000085b00000| PB 0x0000000085b00000| Untracked |  0
|   4|0x0000000085c00000, 0x0000000085d00000, 0x0000000085d00000|100%| O|  |TAMS 0x0000000085c00000| PB 0x0000000085c00000| Untracked |  0
|   5|0x0000000085d00000, 0x0000000085e00000, 0x0000000085e00000|100%| O|  |TAMS 0x0000000085d00000| PB 0x0000000085d00000| Untracked |  0
|   6|0x0000000085e00000, 0x0000000085f00000, 0x0000000085f00000|100%| O|  |TAMS 0x0000000085e00000| PB 0x0000000085e00000| Untracked |  0
|   7|0x0000000085f00000, 0x0000000086000000, 0x0000000086000000|100%| O|  |TAMS 0x0000000085f00000| PB 0x0000000085f00000| Untracked |  0
|   8|0x0000000086000000, 0x0000000086100000, 0x0000000086100000|100%| O|  |TAMS 0x0000000086000000| PB 0x0000000086000000| Untracked |  0
|   9|0x0000000086100000, 0x0000000086200000, 0x0000000086200000|100%| O|  |TAMS 0x0000000086100000| PB 0x0000000086100000| Untracked |  0
|  10|0x0000000086200000, 0x0000000086200000, 0x0000000086300000|  0%| F|  |TAMS 0x0000000086200000| PB 0x0000000086200000| Untracked |  0
|  11|0x0000000086300000, 0x0000000086400000, 0x0000000086400000|100%| O|  |TAMS 0x0000000086300000| PB 0x0000000086300000| Untracked |  0
|  12|0x0000000086400000, 0x0000000086400000, 0x0000000086500000|  0%| F|  |TAMS 0x0000000086400000| PB 0x0000000086400000| Untracked |  0
|  13|0x0000000086500000, 0x0000000086500000, 0x0000000086600000|  0%| F|  |TAMS 0x0000000086500000| PB 0x0000000086500000| Untracked |  0
|  14|0x0000000086600000, 0x0000000086700000, 0x0000000086700000|100%| O|Cm|TAMS 0x0000000086600000| PB 0x0000000086600000| Complete |  0
|  15|0x0000000086700000, 0x0000000086800000, 0x0000000086800000|100%| O|  |TAMS 0x0000000086700000| PB 0x0000000086700000| Untracked |  0
|  16|0x0000000086800000, 0x0000000086900000, 0x0000000086900000|100%| O|  |TAMS 0x0000000086800000| PB 0x0000000086800000| Untracked |  0
|  17|0x0000000086900000, 0x0000000086a00000, 0x0000000086a00000|100%| O|  |TAMS 0x0000000086900000| PB 0x0000000086900000| Untracked |  0
|  18|0x0000000086a00000, 0x0000000086b00000, 0x0000000086b00000|100%| O|  |TAMS 0x0000000086a00000| PB 0x0000000086a00000| Untracked |  0
|  19|0x0000000086b00000, 0x0000000086c00000, 0x0000000086c00000|100%| O|  |TAMS 0x0000000086b00000| PB 0x0000000086b00000| Untracked |  0
|  20|0x0000000086c00000, 0x0000000086d00000, 0x0000000086d00000|100%| O|  |TAMS 0x0000000086c00000| PB 0x0000000086c00000| Untracked |  0
|  21|0x0000000086d00000, 0x0000000086e00000, 0x0000000086e00000|100%| O|  |TAMS 0x0000000086d00000| PB 0x0000000086d00000| Untracked |  0
|  22|0x0000000086e00000, 0x0000000086f00000, 0x0000000086f00000|100%| O|  |TAMS 0x0000000086e00000| PB 0x0000000086e00000| Untracked |  0
|  23|0x0000000086f00000, 0x0000000087000000, 0x0000000087000000|100%| O|  |TAMS 0x0000000086f00000| PB 0x0000000086f00000| Untracked |  0
|  24|0x0000000087000000, 0x000000008709b688, 0x0000000087100000| 60%| O|  |TAMS 0x0000000087000000| PB 0x0000000087000000| Untracked |  0
|  25|0x0000000087100000, 0x0000000087100000, 0x0000000087200000|  0%| F|  |TAMS 0x0000000087100000| PB 0x0000000087100000| Untracked |  0
|  26|0x0000000087200000, 0x0000000087200000, 0x0000000087300000|  0%| F|  |TAMS 0x0000000087200000| PB 0x0000000087200000| Untracked |  0
|  27|0x0000000087300000, 0x0000000087300000, 0x0000000087400000|  0%| F|  |TAMS 0x0000000087300000| PB 0x0000000087300000| Untracked |  0
|  28|0x0000000087400000, 0x0000000087400000, 0x0000000087500000|  0%| F|  |TAMS 0x0000000087400000| PB 0x0000000087400000| Untracked |  0
|  29|0x0000000087500000, 0x0000000087500000, 0x0000000087600000|  0%| F|  |TAMS 0x0000000087500000| PB 0x0000000087500000| Untracked |  0
|  30|0x0000000087600000, 0x0000000087600000, 0x0000000087700000|  0%| F|  |TAMS 0x0000000087600000| PB 0x0000000087600000| Untracked |  0
|  31|0x0000000087700000, 0x0000000087700000, 0x0000000087800000|  0%| F|  |TAMS 0x0000000087700000| PB 0x0000000087700000| Untracked |  0
|  32|0x0000000087800000, 0x0000000087800000, 0x0000000087900000|  0%| F|  |TAMS 0x0000000087800000| PB 0x0000000087800000| Untracked |  0
|  33|0x0000000087900000, 0x0000000087900000, 0x0000000087a00000|  0%| F|  |TAMS 0x0000000087900000| PB 0x0000000087900000| Untracked |  0
|  34|0x0000000087a00000, 0x0000000087a00000, 0x0000000087b00000|  0%| F|  |TAMS 0x0000000087a00000| PB 0x0000000087a00000| Untracked |  0
|  35|0x0000000087b00000, 0x0000000087b00000, 0x0000000087c00000|  0%| F|  |TAMS 0x0000000087b00000| PB 0x0000000087b00000| Untracked |  0
|  36|0x0000000087c00000, 0x0000000087c00000, 0x0000000087d00000|  0%| F|  |TAMS 0x0000000087c00000| PB 0x0000000087c00000| Untracked |  0
|  37|0x0000000087d00000, 0x0000000087d00000, 0x0000000087e00000|  0%| F|  |TAMS 0x0000000087d00000| PB 0x0000000087d00000| Untracked |  0
|  38|0x0000000087e00000, 0x0000000087e00000, 0x0000000087f00000|  0%| F|  |TAMS 0x0000000087e00000| PB 0x0000000087e00000| Untracked |  0
|  39|0x0000000087f00000, 0x0000000087f00000, 0x0000000088000000|  0%| F|  |TAMS 0x0000000087f00000| PB 0x0000000087f00000| Untracked |  0
|  40|0x0000000088000000, 0x0000000088000000, 0x0000000088100000|  0%| F|  |TAMS 0x0000000088000000| PB 0x0000000088000000| Untracked |  0
|  41|0x0000000088100000, 0x0000000088100000, 0x0000000088200000|  0%| F|  |TAMS 0x0000000088100000| PB 0x0000000088100000| Untracked |  0
|  42|0x0000000088200000, 0x0000000088200000, 0x0000000088300000|  0%| F|  |TAMS 0x0000000088200000| PB 0x0000000088200000| Untracked |  0
|  43|0x0000000088300000, 0x0000000088300000, 0x0000000088400000|  0%| F|  |TAMS 0x0000000088300000| PB 0x0000000088300000| Untracked |  0
|  44|0x0000000088400000, 0x0000000088400000, 0x0000000088500000|  0%| F|  |TAMS 0x0000000088400000| PB 0x0000000088400000| Untracked |  0
|  45|0x0000000088500000, 0x0000000088500000, 0x0000000088600000|  0%| F|  |TAMS 0x0000000088500000| PB 0x0000000088500000| Untracked |  0
|  46|0x0000000088600000, 0x0000000088600000, 0x0000000088700000|  0%| F|  |TAMS 0x0000000088600000| PB 0x0000000088600000| Untracked |  0
|  47|0x0000000088700000, 0x0000000088700000, 0x0000000088800000|  0%| F|  |TAMS 0x0000000088700000| PB 0x0000000088700000| Untracked |  0
|  48|0x0000000088800000, 0x0000000088900000, 0x0000000088900000|100%| E|  |TAMS 0x0000000088800000| PB 0x0000000088800000| Complete |  0
|  49|0x0000000088900000, 0x0000000088a00000, 0x0000000088a00000|100%| E|CS|TAMS 0x0000000088900000| PB 0x0000000088900000| Complete |  0
|  50|0x0000000088a00000, 0x0000000088b00000, 0x0000000088b00000|100%| E|CS|TAMS 0x0000000088a00000| PB 0x0000000088a00000| Complete |  0
|  51|0x0000000088b00000, 0x0000000088c00000, 0x0000000088c00000|100%| E|CS|TAMS 0x0000000088b00000| PB 0x0000000088b00000| Complete |  0
|  52|0x0000000088c00000, 0x0000000088d00000, 0x0000000088d00000|100%| E|CS|TAMS 0x0000000088c00000| PB 0x0000000088c00000| Complete |  0
|  53|0x0000000088d00000, 0x0000000088e00000, 0x0000000088e00000|100%| E|CS|TAMS 0x0000000088d00000| PB 0x0000000088d00000| Complete |  0
|  54|0x0000000088e00000, 0x0000000088f00000, 0x0000000088f00000|100%| E|CS|TAMS 0x0000000088e00000| PB 0x0000000088e00000| Complete |  0
|  55|0x0000000088f00000, 0x0000000089000000, 0x0000000089000000|100%| E|  |TAMS 0x0000000088f00000| PB 0x0000000088f00000| Complete |  0
|  56|0x0000000089000000, 0x0000000089100000, 0x0000000089100000|100%| E|CS|TAMS 0x0000000089000000| PB 0x0000000089000000| Complete |  0
|  57|0x0000000089100000, 0x0000000089200000, 0x0000000089200000|100%| E|CS|TAMS 0x0000000089100000| PB 0x0000000089100000| Complete |  0
|  58|0x0000000089200000, 0x0000000089300000, 0x0000000089300000|100%| E|CS|TAMS 0x0000000089200000| PB 0x0000000089200000| Complete |  0
|  59|0x0000000089300000, 0x0000000089400000, 0x0000000089400000|100%| E|CS|TAMS 0x0000000089300000| PB 0x0000000089300000| Complete |  0
|  60|0x0000000089400000, 0x0000000089500000, 0x0000000089500000|100%| E|CS|TAMS 0x0000000089400000| PB 0x0000000089400000| Complete |  0
|  61|0x0000000089500000, 0x0000000089600000, 0x0000000089600000|100%| E|CS|TAMS 0x0000000089500000| PB 0x0000000089500000| Complete |  0
|  62|0x0000000089600000, 0x0000000089700000, 0x0000000089700000|100%| E|CS|TAMS 0x0000000089600000| PB 0x0000000089600000| Complete |  0
|  63|0x0000000089700000, 0x0000000089800000, 0x0000000089800000|100%| E|CS|TAMS 0x0000000089700000| PB 0x0000000089700000| Complete |  0
|  64|0x0000000089800000, 0x0000000089900000, 0x0000000089900000|100%| E|CS|TAMS 0x0000000089800000| PB 0x0000000089800000| Complete |  0
|  65|0x0000000089900000, 0x0000000089a00000, 0x0000000089a00000|100%| E|CS|TAMS 0x0000000089900000| PB 0x0000000089900000| Complete |  0
|  66|0x0000000089a00000, 0x0000000089b00000, 0x0000000089b00000|100%| E|CS|TAMS 0x0000000089a00000| PB 0x0000000089a00000| Complete |  0
|  67|0x0000000089b00000, 0x0000000089c00000, 0x0000000089c00000|100%| E|CS|TAMS 0x0000000089b00000| PB 0x0000000089b00000| Complete |  0
|  68|0x0000000089c00000, 0x0000000089d00000, 0x0000000089d00000|100%| E|CS|TAMS 0x0000000089c00000| PB 0x0000000089c00000| Complete |  0
|  69|0x0000000089d00000, 0x0000000089e00000, 0x0000000089e00000|100%| E|CS|TAMS 0x0000000089d00000| PB 0x0000000089d00000| Complete |  0
|  70|0x0000000089e00000, 0x0000000089f00000, 0x0000000089f00000|100%| E|CS|TAMS 0x0000000089e00000| PB 0x0000000089e00000| Complete |  0
|  71|0x0000000089f00000, 0x000000008a000000, 0x000000008a000000|100%| E|CS|TAMS 0x0000000089f00000| PB 0x0000000089f00000| Complete |  0
|  72|0x000000008a000000, 0x000000008a100000, 0x000000008a100000|100%| E|CS|TAMS 0x000000008a000000| PB 0x000000008a000000| Complete |  0
|  73|0x000000008a100000, 0x000000008a200000, 0x000000008a200000|100%| E|CS|TAMS 0x000000008a100000| PB 0x000000008a100000| Complete |  0
|  74|0x000000008a200000, 0x000000008a300000, 0x000000008a300000|100%| E|CS|TAMS 0x000000008a200000| PB 0x000000008a200000| Complete |  0
|  75|0x000000008a300000, 0x000000008a400000, 0x000000008a400000|100%| E|CS|TAMS 0x000000008a300000| PB 0x000000008a300000| Complete |  0
|  76|0x000000008a400000, 0x000000008a500000, 0x000000008a500000|100%| E|CS|TAMS 0x000000008a400000| PB 0x000000008a400000| Complete |  0
|  77|0x000000008a500000, 0x000000008a600000, 0x000000008a600000|100%| E|CS|TAMS 0x000000008a500000| PB 0x000000008a500000| Complete |  0
|  78|0x000000008a600000, 0x000000008a700000, 0x000000008a700000|100%| E|CS|TAMS 0x000000008a600000| PB 0x000000008a600000| Complete |  0
|  97|0x000000008b900000, 0x000000008b979650, 0x000000008ba00000| 47%| S|CS|TAMS 0x000000008b900000| PB 0x000000008b900000| Complete |  0
|  98|0x000000008ba00000, 0x000000008bb00000, 0x000000008bb00000|100%| S|CS|TAMS 0x000000008ba00000| PB 0x000000008ba00000| Complete |  0
|  99|0x000000008bb00000, 0x000000008bc00000, 0x000000008bc00000|100%| S|CS|TAMS 0x000000008bb00000| PB 0x000000008bb00000| Complete |  0
| 122|0x000000008d200000, 0x000000008d300000, 0x000000008d300000|100%| E|CS|TAMS 0x000000008d200000| PB 0x000000008d200000| Complete |  0
| 123|0x000000008d300000, 0x000000008d400000, 0x000000008d400000|100%| E|CS|TAMS 0x000000008d300000| PB 0x000000008d300000| Complete |  0

Card table byte_map: [0x000001b0e03e0000,0x000001b0e07c0000] _byte_map_base: 0x000001b0dffb4000

Marking Bits: (CMBitMap*) 0x000001b0c83c3470
 Bits: [0x000001b0e07c0000, 0x000001b0e2660000)

Polling page: 0x000001b0c61d0000

Metaspace:

Usage:
  Non-class:     24.02 MB used.
      Class:      3.60 MB used.
       Both:     27.62 MB used.

Virtual space:
  Non-class space:       64.00 MB reserved,      24.25 MB ( 38%) committed,  1 nodes.
      Class space:        1.00 GB reserved,       3.75 MB ( <1%) committed,  1 nodes.
             Both:        1.06 GB reserved,      28.00 MB (  3%) committed. 

Chunk freelists:
   Non-Class:  6.80 MB
       Class:  12.25 MB
        Both:  19.05 MB

MaxMetaspaceSize: unlimited
CompressedClassSpaceSize: 1.00 GB
Initial GC threshold: 21.00 MB
Current GC threshold: 35.31 MB
CDS: on
 - commit_granule_bytes: 65536.
 - commit_granule_words: 8192.
 - virtual_space_node_default_size: 8388608.
 - enlarge_chunks_in_place: 1.
 - use_allocation_guard: 0.


Internal statistics:

num_allocs_failed_limit: 3.
num_arena_births: 538.
num_arena_deaths: 0.
num_vsnodes_births: 2.
num_vsnodes_deaths: 0.
num_space_committed: 448.
num_space_uncommitted: 0.
num_chunks_returned_to_freelist: 3.
num_chunks_taken_from_freelist: 1494.
num_chunk_merges: 0.
num_chunk_splits: 988.
num_chunks_enlarged: 698.
num_inconsistent_stats: 0.

CodeHeap 'non-profiled nmethods': size=120064Kb used=1439Kb max_used=1439Kb free=118624Kb
 bounds [0x000001b0d8560000, 0x000001b0d87d0000, 0x000001b0dfaa0000]
CodeHeap 'profiled nmethods': size=120000Kb used=5445Kb max_used=5445Kb free=114554Kb
 bounds [0x000001b0d0aa0000, 0x000001b0d1000000, 0x000001b0d7fd0000]
CodeHeap 'non-nmethods': size=5696Kb used=1484Kb max_used=1533Kb free=4212Kb
 bounds [0x000001b0d7fd0000, 0x000001b0d8240000, 0x000001b0d8560000]
CodeCache: size=245760Kb, used=8368Kb, max_used=8417Kb, free=237390Kb
 total_blobs=4307, nmethods=3733, adapters=478, full_count=0
Compilation: enabled, stopped_count=0, restarted_count=0

Compilation events (20 events):
Event: 78.692 Thread 0x000001b0e52cd190 3724       3       org.springframework.core.annotation.TypeMappedAnnotation::<init> (112 bytes)
Event: 78.693 Thread 0x000001b0e52cd190 nmethod 3724 0x000001b0d0fe9b88 code [0x000001b0d0fe9d60, 0x000001b0d0fea7e0]
Event: 78.693 Thread 0x000001b0e52cd190 3725       3       java.lang.invoke.LambdaForm$MH/0x000001b081101400::invoke (94 bytes)
Event: 78.694 Thread 0x000001b0e52cd190 nmethod 3725 0x000001b0d0fea888 code [0x000001b0d0feaa40, 0x000001b0d0feb5f8]
Event: 78.723 Thread 0x000001b0e52cd190 3726       3       sun.net.www.protocol.jar.JarURLConnection::getUseCaches (8 bytes)
Event: 78.724 Thread 0x000001b0e52cd190 nmethod 3726 0x000001b0d0feb688 code [0x000001b0d0feb7a0, 0x000001b0d0feb978]
Event: 78.725 Thread 0x000001b0e52cd190 3727       3       org.springframework.core.type.classreading.SimpleAnnotationMetadataReadingVisitor::toClassName (5 bytes)
Event: 78.725 Thread 0x000001b0e52cd190 nmethod 3727 0x000001b0d0feb988 code [0x000001b0d0febae0, 0x000001b0d0febdf8]
Event: 78.725 Thread 0x000001b0e52cd190 3728       3       org.springframework.util.ClassUtils::convertResourcePathToClassName (15 bytes)
Event: 78.726 Thread 0x000001b0e52cd190 nmethod 3728 0x000001b0d0febe88 code [0x000001b0d0febfc0, 0x000001b0d0fec250]
Event: 79.804 Thread 0x000001b0e52cd190 3730       3       org.springframework.core.annotation.AnnotationTypeMappings::isMappable (47 bytes)
Event: 79.805 Thread 0x000001b0e52cd190 nmethod 3730 0x000001b0d0fec288 code [0x000001b0d0fec400, 0x000001b0d0fec928]
Event: 79.805 Thread 0x000001b0e52cd190 3731       3       java.util.ArrayList::forEach (74 bytes)
Event: 79.806 Thread 0x000001b0e52cd190 nmethod 3731 0x000001b0d0fec988 code [0x000001b0d0fecb00, 0x000001b0d0fed0d8]
Event: 79.859 Thread 0x000001b0e52cd190 3732       3       org.springframework.asm.Type::getType (10 bytes)
Event: 79.860 Thread 0x000001b0e52cd190 nmethod 3732 0x000001b0d0fed108 code [0x000001b0d0fed240, 0x000001b0d0fed470]
Event: 79.861 Thread 0x000001b0e52cd190 3733       3       java.net.URLConnection::setUseCaches (10 bytes)
Event: 79.862 Thread 0x000001b0e52cd190 nmethod 3733 0x000001b0d0fed508 code [0x000001b0d0fed640, 0x000001b0d0fed8b8]
Event: 79.862 Thread 0x000001b0e52cd190 3734       3       java.net.URLConnection::checkConnected (19 bytes)
Event: 79.862 Thread 0x000001b0e52cd190 nmethod 3734 0x000001b0d0fed908 code [0x000001b0d0feda40, 0x000001b0d0fedc48]

GC Heap History (8 events):
Event: 22.059 GC heap before
{Heap before GC invocations=0 (full 0):
 garbage-first heap   total reserved 2007040K, committed 126976K, used 25600K [0x0000000085800000, 0x0000000100000000)
  region size 1024K, 24 young (24576K), 0 survivors (0K)
 Metaspace       used 4494K, committed 4672K, reserved 1114112K
  class space    used 511K, committed 640K, reserved 1048576K
}
Event: 22.101 GC heap after
{Heap after GC invocations=1 (full 0):
 garbage-first heap   total reserved 2007040K, committed 126976K, used 9872K [0x0000000085800000, 0x0000000100000000)
  region size 1024K, 3 young (3072K), 3 survivors (3072K)
 Metaspace       used 4494K, committed 4672K, reserved 1114112K
  class space    used 511K, committed 640K, reserved 1048576K
}
Event: 32.522 GC heap before
{Heap before GC invocations=1 (full 0):
 garbage-first heap   total reserved 2007040K, committed 126976K, used 27280K [0x0000000085800000, 0x0000000100000000)
  region size 1024K, 20 young (20480K), 3 survivors (3072K)
 Metaspace       used 8330K, committed 8704K, reserved 1114112K
  class space    used 1098K, committed 1280K, reserved 1048576K
}
Event: 32.550 GC heap after
{Heap after GC invocations=2 (full 0):
 garbage-first heap   total reserved 2007040K, committed 126976K, used 10863K [0x0000000085800000, 0x0000000100000000)
  region size 1024K, 2 young (2048K), 2 survivors (2048K)
 Metaspace       used 8330K, committed 8704K, reserved 1114112K
  class space    used 1098K, committed 1280K, reserved 1048576K
}
Event: 47.830 GC heap before
{Heap before GC invocations=2 (full 0):
 garbage-first heap   total reserved 2007040K, committed 126976K, used 54895K [0x0000000085800000, 0x0000000100000000)
  region size 1024K, 41 young (41984K), 2 survivors (2048K)
 Metaspace       used 15523K, committed 15872K, reserved 1114112K
  class space    used 2030K, committed 2176K, reserved 1048576K
}
Event: 47.880 GC heap after
{Heap after GC invocations=3 (full 0):
 garbage-first heap   total reserved 2007040K, committed 126976K, used 24388K [0x0000000085800000, 0x0000000100000000)
  region size 1024K, 6 young (6144K), 6 survivors (6144K)
 Metaspace       used 15523K, committed 15872K, reserved 1114112K
  class space    used 2030K, committed 2176K, reserved 1048576K
}
Event: 70.296 GC heap before
{Heap before GC invocations=3 (full 0):
 garbage-first heap   total reserved 2007040K, committed 126976K, used 47940K [0x0000000085800000, 0x0000000100000000)
  region size 1024K, 30 young (30720K), 6 survivors (6144K)
 Metaspace       used 21108K, committed 21504K, reserved 1114112K
  class space    used 2839K, committed 3008K, reserved 1048576K
}
Event: 70.373 GC heap after
{Heap after GC invocations=4 (full 0):
 garbage-first heap   total reserved 2007040K, committed 126976K, used 27731K [0x0000000085800000, 0x0000000100000000)
  region size 1024K, 3 young (3072K), 3 survivors (3072K)
 Metaspace       used 21108K, committed 21504K, reserved 1114112K
  class space    used 2839K, committed 3008K, reserved 1048576K
}

Dll operation events (9 events):
Event: 0.175 Loaded shared library C:\Program Files\Java\jdk-23\bin\java.dll
Event: 1.292 Loaded shared library C:\Program Files\Java\jdk-23\bin\net.dll
Event: 1.293 Loaded shared library C:\Program Files\Java\jdk-23\bin\jsvml.dll
Event: 1.301 Loaded shared library C:\Program Files\Java\jdk-23\bin\nio.dll
Event: 1.314 Loaded shared library C:\Program Files\Java\jdk-23\bin\zip.dll
Event: 3.221 Loaded shared library C:\Program Files\Java\jdk-23\bin\management.dll
Event: 3.234 Loaded shared library C:\Program Files\Java\jdk-23\bin\management_ext.dll
Event: 3.797 Loaded shared library C:\Program Files\Java\jdk-23\bin\jimage.dll
Event: 73.505 Loaded shared library C:\Program Files\Java\jdk-23\bin\sunmscapi.dll

Deoptimization events (20 events):
Event: 73.368 Thread 0x000001b0c5f231e0 DEOPT PACKING pc=0x000001b0d0f8910e sp=0x0000001dc2efb490
Event: 73.368 Thread 0x000001b0c5f231e0 DEOPT UNPACKING pc=0x000001b0d8024b22 sp=0x0000001dc2efa978 mode 0
Event: 73.369 Thread 0x000001b0c5f231e0 DEOPT PACKING pc=0x000001b0d0f8910e sp=0x0000001dc2efb490
Event: 73.369 Thread 0x000001b0c5f231e0 DEOPT UNPACKING pc=0x000001b0d8024b22 sp=0x0000001dc2efa978 mode 0
Event: 73.370 Thread 0x000001b0c5f231e0 DEOPT PACKING pc=0x000001b0d0f8910e sp=0x0000001dc2efb490
Event: 73.370 Thread 0x000001b0c5f231e0 DEOPT UNPACKING pc=0x000001b0d8024b22 sp=0x0000001dc2efa978 mode 0
Event: 73.371 Thread 0x000001b0c5f231e0 DEOPT PACKING pc=0x000001b0d0f8910e sp=0x0000001dc2efb490
Event: 73.371 Thread 0x000001b0c5f231e0 DEOPT UNPACKING pc=0x000001b0d8024b22 sp=0x0000001dc2efa978 mode 0
Event: 73.372 Thread 0x000001b0c5f231e0 DEOPT PACKING pc=0x000001b0d0f8910e sp=0x0000001dc2efb490
Event: 73.372 Thread 0x000001b0c5f231e0 DEOPT UNPACKING pc=0x000001b0d8024b22 sp=0x0000001dc2efa978 mode 0
Event: 73.373 Thread 0x000001b0c5f231e0 DEOPT PACKING pc=0x000001b0d0f8910e sp=0x0000001dc2efb490
Event: 73.373 Thread 0x000001b0c5f231e0 DEOPT UNPACKING pc=0x000001b0d8024b22 sp=0x0000001dc2efa978 mode 0
Event: 73.374 Thread 0x000001b0c5f231e0 DEOPT PACKING pc=0x000001b0d0f8910e sp=0x0000001dc2efb490
Event: 73.374 Thread 0x000001b0c5f231e0 DEOPT UNPACKING pc=0x000001b0d8024b22 sp=0x0000001dc2efa978 mode 0
Event: 73.439 Thread 0x000001b0c5f231e0 DEOPT PACKING pc=0x000001b0d0f8910e sp=0x0000001dc2efb490
Event: 73.439 Thread 0x000001b0c5f231e0 DEOPT UNPACKING pc=0x000001b0d8024b22 sp=0x0000001dc2efa978 mode 0
Event: 78.135 Thread 0x000001b0e5d72f40 Uncommon trap: trap_request=0xffffffde fr.pc=0x000001b0d86b29c8 relative=0x0000000000001188
Event: 78.135 Thread 0x000001b0e5d72f40 Uncommon trap: reason=class_check action=maybe_recompile pc=0x000001b0d86b29c8 method=java.util.Properties$LineReader.readLine()I @ 479 c2
Event: 78.135 Thread 0x000001b0e5d72f40 DEOPT PACKING pc=0x000001b0d86b29c8 sp=0x0000001dc2dfef00
Event: 78.135 Thread 0x000001b0e5d72f40 DEOPT UNPACKING pc=0x000001b0d8024402 sp=0x0000001dc2dfee98 mode 2

Classes loaded (20 events):
Event: 78.019 Loading class javax/xml/stream/XMLEventReader
Event: 78.019 Loading class javax/xml/stream/XMLEventReader done
Event: 78.019 Loading class javax/xml/transform/Source
Event: 78.019 Loading class javax/xml/transform/Source done
Event: 78.019 Loading class org/xml/sax/XMLReader
Event: 78.019 Loading class org/xml/sax/XMLReader done
Event: 78.043 Loading class javax/xml/stream/XMLResolver
Event: 78.043 Loading class javax/xml/stream/XMLResolver done
Event: 78.046 Loading class javax/xml/stream/XMLInputFactory
Event: 78.047 Loading class javax/xml/stream/XMLInputFactory done
Event: 78.072 Loading class javax/xml/stream/FactoryFinder
Event: 78.072 Loading class javax/xml/stream/FactoryFinder done
Event: 78.072 Loading class jdk/xml/internal/SecuritySupport
Event: 78.073 Loading class jdk/xml/internal/SecuritySupport done
Event: 78.135 Loading class javax/xml/stream/FactoryFinder$1
Event: 78.135 Loading class javax/xml/stream/FactoryFinder$1 done
Event: 78.576 Loading class javax/xml/stream/XMLStreamException
Event: 78.576 Loading class javax/xml/stream/XMLStreamException done
Event: 78.684 Loading class javax/xml/stream/util/XMLEventAllocator
Event: 78.684 Loading class javax/xml/stream/util/XMLEventAllocator done

Classes unloaded (0 events):
No events

Classes redefined (0 events):
No events

Internal exceptions (20 events):
Event: 50.064 Thread 0x000001b0c5f231e0 Exception <a 'sun/nio/fs/WindowsException'{0x000000008d0f1e68}> (0x000000008d0f1e68) 
thrown [s\open\src\hotspot\share\prims\jni.cpp, line 520]
Event: 51.101 Thread 0x000001b0c5f231e0 Exception <a 'java/lang/NoSuchMethodError'{0x000000008ce21758}: 'java.lang.Object java.lang.invoke.DirectMethodHandle$Holder.invokeStaticInit(java.lang.Object, int, int, int, int)'> (0x000000008ce21758) 
thrown [s\open\src\hotspot\share\interpreter\linkResolver.cpp, line 796]
Event: 51.427 Thread 0x000001b0c5f231e0 Exception <a 'java/lang/NoSuchMethodError'{0x000000008ced4a38}: 'java.lang.Object java.lang.invoke.Invokers$Holder.invokeExact_MT(java.lang.Object, java.lang.Object, java.lang.Object, java.lang.Object, java.lang.Object)'> (0x000000008ced4a38) 
thrown [s\open\src\hotspot\share\interpreter\linkResolver.cpp, line 796]
Event: 51.464 Thread 0x000001b0c5f231e0 Exception <a 'java/lang/NoSuchMethodError'{0x000000008cd2ad68}: 'java.lang.Object java.lang.invoke.DirectMethodHandle$Holder.newInvokeSpecial(java.lang.Object, java.lang.Object, java.lang.Object, java.lang.Object, java.lang.Object, java.lang.Object, int)'> (0x000000008cd2ad68) 
thrown [s\open\src\hotspot\share\interpreter\linkResolver.cpp, line 796]
Event: 51.468 Thread 0x000001b0c5f231e0 Exception <a 'java/lang/NoSuchMethodError'{0x000000008cd2f7d8}: 'java.lang.Object java.lang.invoke.Invokers$Holder.linkToTargetMethod(java.lang.Object, java.lang.Object, java.lang.Object, java.lang.Object, java.lang.Object, int, java.lang.Object)'> (0x000000008cd2f7d8) 
thrown [s\open\src\hotspot\share\interpreter\linkResolver.cpp, line 796]
Event: 53.449 Thread 0x000001b0c5f231e0 Exception <a 'java/lang/NoSuchMethodError'{0x000000008cb3bc90}: 'java.lang.Object java.lang.invoke.DirectMethodHandle$Holder.newInvokeSpecial(java.lang.Object, java.lang.Object, java.lang.Object, int, java.lang.Object)'> (0x000000008cb3bc90) 
thrown [s\open\src\hotspot\share\interpreter\linkResolver.cpp, line 796]
Event: 53.451 Thread 0x000001b0c5f231e0 Exception <a 'java/lang/NoSuchMethodError'{0x000000008cb40488}: 'java.lang.Object java.lang.invoke.DirectMethodHandle$Holder.invokeSpecial(java.lang.Object, java.lang.Object, java.lang.Object, java.lang.Object, int, java.lang.Object)'> (0x000000008cb40488) 
thrown [s\open\src\hotspot\share\interpreter\linkResolver.cpp, line 796]
Event: 53.452 Thread 0x000001b0c5f231e0 Exception <a 'java/lang/NoSuchMethodError'{0x000000008cb44520}: 'java.lang.Object java.lang.invoke.Invokers$Holder.linkToTargetMethod(java.lang.Object, java.lang.Object, int, java.lang.Object, java.lang.Object)'> (0x000000008cb44520) 
thrown [s\open\src\hotspot\share\interpreter\linkResolver.cpp, line 796]
Event: 53.456 Thread 0x000001b0c5f231e0 Exception <a 'java/lang/NoSuchMethodError'{0x000000008cb4c608}: 'int java.lang.invoke.DirectMethodHandle$Holder.invokeStatic(java.lang.Object, int, java.lang.Object, java.lang.Object)'> (0x000000008cb4c608) 
thrown [s\open\src\hotspot\share\interpreter\linkResolver.cpp, line 796]
Event: 53.458 Thread 0x000001b0c5f231e0 Exception <a 'java/lang/NoSuchMethodError'{0x000000008cb53ba8}: 'java.lang.Object java.lang.invoke.DirectMethodHandle$Holder.newInvokeSpecial(java.lang.Object, int, java.lang.Object)'> (0x000000008cb53ba8) 
thrown [s\open\src\hotspot\share\interpreter\linkResolver.cpp, line 796]
Event: 53.875 Thread 0x000001b0c5f231e0 Implicit null exception at 0x000001b0d8664613 to 0x000001b0d86649bc
Event: 53.876 Thread 0x000001b0c5f231e0 Exception <a 'java/lang/NoSuchMethodError'{0x000000008ca823f8}: 'java.lang.reflect.Field[] java.lang.Class.getDeclaredFields(java.lang.Class)'> (0x000000008ca823f8) 
thrown [s\open\src\hotspot\share\interpreter\linkResolver.cpp, line 796]
Event: 53.882 Thread 0x000001b0c5f231e0 Exception <a 'java/lang/NoSuchMethodError'{0x000000008ca8b050}: 'void java.lang.invoke.DelegatingMethodHandle$Holder.delegate(java.lang.Object, java.lang.Object, int, java.lang.Object)'> (0x000000008ca8b050) 
thrown [s\open\src\hotspot\share\interpreter\linkResolver.cpp, line 796]
Event: 63.815 Thread 0x000001b0c5f231e0 Exception <a 'java/lang/IncompatibleClassChangeError'{0x000000008c6fd520}: Found class java.lang.Object, but interface was expected> (0x000000008c6fd520) 
thrown [s\open\src\hotspot\share\interpreter\linkResolver.cpp, line 863]
Event: 71.096 Thread 0x000001b0c5f231e0 Implicit null exception at 0x000001b0d86897c2 to 0x000001b0d8689880
Event: 72.144 Thread 0x000001b0e5d72f40 Exception <a 'java/lang/NoSuchMethodError'{0x0000000089dfb198}: 'long java.lang.invoke.DirectMethodHandle$Holder.invokeSpecial(java.lang.Object, java.lang.Object)'> (0x0000000089dfb198) 
thrown [s\open\src\hotspot\share\interpreter\linkResolver.cpp, line 796]
Event: 72.263 Thread 0x000001b0e5d72f40 Exception <a 'java/lang/NoSuchMethodError'{0x0000000089c84918}: 'long java.lang.invoke.DirectMethodHandle$Holder.invokeStatic(java.lang.Object, java.lang.Object)'> (0x0000000089c84918) 
thrown [s\open\src\hotspot\share\interpreter\linkResolver.cpp, line 796]
Event: 72.373 Thread 0x000001b0e5d72f40 Exception <a 'java/lang/NoSuchMethodError'{0x0000000089c879e8}: 'long java.lang.invoke.DirectMethodHandle$Holder.invokeStaticInit(java.lang.Object, java.lang.Object)'> (0x0000000089c879e8) 
thrown [s\open\src\hotspot\share\interpreter\linkResolver.cpp, line 796]
Event: 72.377 Thread 0x000001b0e5d72f40 Exception <a 'java/lang/NoSuchMethodError'{0x0000000089c938f8}: 'long java.lang.invoke.DirectMethodHandle$Holder.invokeInterface(java.lang.Object, java.lang.Object)'> (0x0000000089c938f8) 
thrown [s\open\src\hotspot\share\interpreter\linkResolver.cpp, line 796]
Event: 72.378 Thread 0x000001b0e5d72f40 Exception <a 'java/lang/IncompatibleClassChangeError'{0x0000000089c96910}: Found class java.lang.Object, but interface was expected> (0x0000000089c96910) 
thrown [s\open\src\hotspot\share\interpreter\linkResolver.cpp, line 863]

VM Operations (20 events):
Event: 62.364 Executing VM operation: HandshakeAllThreads (Deoptimize)
Event: 62.364 Executing VM operation: HandshakeAllThreads (Deoptimize) done
Event: 63.614 Executing VM operation: HandshakeAllThreads (Deoptimize)
Event: 63.615 Executing VM operation: HandshakeAllThreads (Deoptimize) done
Event: 70.295 Executing VM operation: CollectForMetadataAllocation (Metadata GC Threshold)
Event: 70.374 Executing VM operation: CollectForMetadataAllocation (Metadata GC Threshold) done
Event: 70.434 Executing VM operation: HandshakeAllThreads (Deoptimize)
Event: 70.458 Executing VM operation: HandshakeAllThreads (Deoptimize) done
Event: 70.577 Executing VM operation: G1PauseRemark
Event: 70.673 Executing VM operation: G1PauseRemark done
Event: 70.678 Executing VM operation: G1PauseCleanup
Event: 70.691 Executing VM operation: G1PauseCleanup done
Event: 71.105 Executing VM operation: HandshakeAllThreads (Deoptimize)
Event: 71.251 Executing VM operation: HandshakeAllThreads (Deoptimize) done
Event: 71.604 Executing VM operation: HandshakeAllThreads (Deoptimize)
Event: 71.604 Executing VM operation: HandshakeAllThreads (Deoptimize) done
Event: 71.749 Executing VM operation: HandshakeAllThreads (Deoptimize)
Event: 71.749 Executing VM operation: HandshakeAllThreads (Deoptimize) done
Event: 72.147 Executing VM operation: HandshakeAllThreads (Deoptimize)
Event: 72.148 Executing VM operation: HandshakeAllThreads (Deoptimize) done

Memory protections (0 events):
No events

Nmethod flushes (0 events):
No events

Events (20 events):
Event: 0.826 Thread 0x000001b0c5f231e0 Thread added: 0x000001b0e52cd190
Event: 0.968 Thread 0x000001b0c5f231e0 Thread added: 0x000001b0c503e570
Event: 0.973 Thread 0x000001b0c5f231e0 Thread added: 0x000001b0c504f820
Event: 9.085 Thread 0x000001b0c5f231e0 Thread added: 0x000001b0c51d4590
Event: 9.247 Thread 0x000001b0c5f231e0 Thread added: 0x000001b0c50ee8f0
Event: 44.630 Thread 0x000001b0e52cc6e0 Thread added: 0x000001b0e5e36ce0
Event: 44.651 Thread 0x000001b0e52cc6e0 Thread added: 0x000001b0c573d480
Event: 45.593 Thread 0x000001b0c573d480 Thread exited: 0x000001b0c573d480
Event: 45.593 Thread 0x000001b0e5e36ce0 Thread exited: 0x000001b0e5e36ce0
Event: 46.556 Thread 0x000001b0e52cc6e0 Thread added: 0x000001b0e5e36ce0
Event: 46.556 Thread 0x000001b0e52cc6e0 Thread added: 0x000001b0e59bcab0
Event: 47.072 Thread 0x000001b0e59bcab0 Thread exited: 0x000001b0e59bcab0
Event: 47.203 Thread 0x000001b0e5e36ce0 Thread exited: 0x000001b0e5e36ce0
Event: 61.379 Thread 0x000001b0c5f231e0 Thread added: 0x000001b0e68604a0
Event: 61.905 Thread 0x000001b0e68604a0 Thread exited: 0x000001b0e68604a0
Event: 63.721 Thread 0x000001b0c5f231e0 Thread added: 0x000001b0e5d72f40
Event: 72.264 Thread 0x000001b0e52cd190 Thread added: 0x000001b0e66efba0
Event: 72.693 Thread 0x000001b0c5f231e0 Thread added: 0x000001b0e74d5ae0
Event: 72.939 Thread 0x000001b0e66efba0 Thread exited: 0x000001b0e66efba0
Event: 73.263 Thread 0x000001b0e74d5ae0 Thread exited: 0x000001b0e74d5ae0


Dynamic libraries:
0x00007ff78def0000 - 0x00007ff78df00000 	C:\Program Files\Java\jdk-23\bin\java.exe
0x00007fff56980000 - 0x00007fff56be6000 	C:\WINDOWS\SYSTEM32\ntdll.dll
0x00007fff55660000 - 0x00007fff55729000 	C:\WINDOWS\System32\KERNEL32.DLL
0x00007fff53b90000 - 0x00007fff53f8f000 	C:\WINDOWS\System32\KERNELBASE.dll
0x00007fff54550000 - 0x00007fff5469c000 	C:\WINDOWS\System32\ucrtbase.dll
0x00007fff30cb0000 - 0x00007fff30cc7000 	C:\Program Files\Java\jdk-23\bin\jli.dll
0x00007fff547f0000 - 0x00007fff549b6000 	C:\WINDOWS\System32\USER32.dll
0x00007fff30a20000 - 0x00007fff30a3b000 	C:\Program Files\Java\jdk-23\bin\VCRUNTIME140.dll
0x00007fff54460000 - 0x00007fff54487000 	C:\WINDOWS\System32\win32u.dll
0x00007fff30710000 - 0x00007fff309a1000 	C:\WINDOWS\WinSxS\amd64_microsoft.windows.common-controls_6595b64144ccf1df_6.0.26100.8972_none_3e0da176e32f9d4b\COMCTL32.dll
0x00007fff54d20000 - 0x00007fff54d4b000 	C:\WINDOWS\System32\GDI32.dll
0x00007fff54330000 - 0x00007fff54459000 	C:\WINDOWS\System32\gdi32full.dll
0x00007fff55ee0000 - 0x00007fff55f89000 	C:\WINDOWS\System32\msvcrt.dll
0x00007fff541f0000 - 0x00007fff54293000 	C:\WINDOWS\System32\msvcp_win.dll
0x00007fff55d80000 - 0x00007fff55db2000 	C:\WINDOWS\System32\IMM32.DLL
0x00007fff31bd0000 - 0x00007fff31bdc000 	C:\Program Files\Java\jdk-23\bin\vcruntime140_1.dll
0x00007ffecf480000 - 0x00007ffecf50e000 	C:\Program Files\Java\jdk-23\bin\msvcp140.dll
0x00007ffe89d80000 - 0x00007ffe8aacf000 	C:\Program Files\Java\jdk-23\bin\server\jvm.dll
0x00007fff546b0000 - 0x00007fff5476c000 	C:\WINDOWS\System32\ADVAPI32.dll
0x00007fff56720000 - 0x00007fff567c9000 	C:\WINDOWS\System32\sechost.dll
0x00007fff55dc0000 - 0x00007fff55ed8000 	C:\WINDOWS\System32\RPCRT4.dll
0x00007fff567d0000 - 0x00007fff56852000 	C:\WINDOWS\System32\WS2_32.dll
0x00007fff53340000 - 0x00007fff5339e000 	C:\WINDOWS\SYSTEM32\POWRPROF.dll
0x00007fff3d340000 - 0x00007fff3d376000 	C:\WINDOWS\SYSTEM32\WINMM.dll
0x00007fff47330000 - 0x00007fff4733b000 	C:\WINDOWS\SYSTEM32\VERSION.dll
0x00007fff53320000 - 0x00007fff53335000 	C:\WINDOWS\SYSTEM32\UMPDC.dll
0x00007fff52880000 - 0x00007fff5289b000 	C:\WINDOWS\SYSTEM32\kernel.appcore.dll
0x00007fff30c70000 - 0x00007fff30c7a000 	C:\Program Files\Java\jdk-23\bin\jimage.dll
0x00007fff51140000 - 0x00007fff51382000 	C:\WINDOWS\SYSTEM32\DBGHELP.DLL
0x00007fff552d0000 - 0x00007fff55655000 	C:\WINDOWS\System32\combase.dll
0x00007fff55830000 - 0x00007fff55909000 	C:\WINDOWS\System32\OLEAUT32.dll
0x00007fff2ead0000 - 0x00007fff2eb0b000 	C:\WINDOWS\SYSTEM32\dbgcore.DLL
0x00007fff54490000 - 0x00007fff5453c000 	C:\WINDOWS\System32\bcryptPrimitives.dll
0x00007fff30610000 - 0x00007fff3062e000 	C:\Program Files\Java\jdk-23\bin\java.dll
0x00007fff55b40000 - 0x00007fff55cd9000 	C:\WINDOWS\System32\ole32.dll
0x00007fff55f90000 - 0x00007fff56718000 	C:\WINDOWS\System32\SHELL32.dll
0x00007fff51620000 - 0x00007fff51ebb000 	C:\WINDOWS\SYSTEM32\windows.storage.dll
0x00007fff55a10000 - 0x00007fff55b09000 	C:\WINDOWS\System32\SHCORE.dll
0x00007fff54780000 - 0x00007fff547e6000 	C:\WINDOWS\System32\shlwapi.dll
0x00007fff53ab0000 - 0x00007fff53ad9000 	C:\WINDOWS\SYSTEM32\profapi.dll
0x00007fff2c900000 - 0x00007fff2c910000 	C:\Program Files\Java\jdk-23\bin\net.dll
0x00007ffec9680000 - 0x00007ffec9757000 	C:\Program Files\Java\jdk-23\bin\jsvml.dll
0x00007fff52e30000 - 0x00007fff52e9c000 	C:\WINDOWS\system32\mswsock.dll
0x00007fff2c8e0000 - 0x00007fff2c8f6000 	C:\Program Files\Java\jdk-23\bin\nio.dll
0x00007fff2c880000 - 0x00007fff2c897000 	C:\Program Files\Java\jdk-23\bin\zip.dll
0x00007fff335e0000 - 0x00007fff335ea000 	C:\Program Files\Java\jdk-23\bin\management.dll
0x00007fff335d0000 - 0x00007fff335db000 	C:\Program Files\Java\jdk-23\bin\management_ext.dll
0x00007fff55ce0000 - 0x00007fff55ce8000 	C:\WINDOWS\System32\PSAPI.DLL
0x00007fff52230000 - 0x00007fff52263000 	C:\WINDOWS\SYSTEM32\IPHLPAPI.DLL
0x00007fff54ba0000 - 0x00007fff54baa000 	C:\WINDOWS\System32\NSI.dll
0x00007fff522c0000 - 0x00007fff52418000 	C:\WINDOWS\SYSTEM32\DNSAPI.dll
0x00007fff52c30000 - 0x00007fff52c3d000 	C:\WINDOWS\SYSTEM32\DSPARSE.dll
0x00007fff49000000 - 0x00007fff4900b000 	C:\Windows\System32\rasadhlp.dll
0x00007fff4a190000 - 0x00007fff4a216000 	C:\WINDOWS\System32\fwpuclnt.dll
0x00007fff28510000 - 0x00007fff2851e000 	C:\Program Files\Java\jdk-23\bin\sunmscapi.dll
0x00007fff53fa0000 - 0x00007fff5411e000 	C:\WINDOWS\System32\CRYPT32.dll
0x00007fff53480000 - 0x00007fff534b0000 	C:\WINDOWS\SYSTEM32\ncrypt.dll
0x00007fff53430000 - 0x00007fff5346f000 	C:\WINDOWS\SYSTEM32\NTASN1.dll

dbghelp: loaded successfully - version: 4.0.5 - missing functions: none
symbol engine: initialized successfully - sym options: 0x614 - pdb path: .;C:\Program Files\Java\jdk-23\bin;C:\WINDOWS\SYSTEM32;C:\WINDOWS\WinSxS\amd64_microsoft.windows.common-controls_6595b64144ccf1df_6.0.26100.8972_none_3e0da176e32f9d4b;C:\Program Files\Java\jdk-23\bin\server

VM Arguments:
java_command: C:\Users\ektas\AppData\Local\Temp\surefire12511736103652634093\surefirebooter-20260826021748130_3.jar C:\Users\ektas\AppData\Local\Temp\surefire12511736103652634093 2026-08-26T02-17-42_668-jvmRun1 surefire-20260826021748130_1tmp surefire_0-20260826021748130_2tmp
java_class_path (initial): C:\Users\ektas\AppData\Local\Temp\surefire12511736103652634093\surefirebooter-20260826021748130_3.jar
Launcher Type: SUN_STANDARD

[Global flags]
     intx CICompilerCount                          = 4                                         {product} {ergonomic}
     uint ConcGCThreads                            = 3                                         {product} {ergonomic}
     uint G1ConcRefinementThreads                  = 10                                        {product} {ergonomic}
   size_t G1HeapRegionSize                         = 1048576                                   {product} {ergonomic}
   size_t InitialHeapSize                          = 130023424                                 {product} {ergonomic}
   size_t MarkStackSize                            = 4194304                                   {product} {ergonomic}
   size_t MarkStackSizeMax                         = 536870912                                 {product} {ergonomic}
   size_t MaxHeapSize                              = 2055208960                                {product} {ergonomic}
   size_t MaxNewSize                               = 1233125376                                {product} {ergonomic}
   size_t MinHeapDeltaBytes                        = 1048576                                   {product} {ergonomic}
   size_t MinHeapSize                              = 8388608                                   {product} {ergonomic}
    uintx NonNMethodCodeHeapSize                   = 5832704                                {pd product} {ergonomic}
    uintx NonProfiledCodeHeapSize                  = 122945536                              {pd product} {ergonomic}
    uintx ProfiledCodeHeapSize                     = 122880000                              {pd product} {ergonomic}
    uintx ReservedCodeCacheSize                    = 251658240                              {pd product} {ergonomic}
     bool SegmentedCodeCache                       = true                                      {product} {ergonomic}
   size_t SoftMaxHeapSize                          = 2055208960                             {manageable} {ergonomic}
     bool UseCompressedOops                        = true                           {product lp64_product} {ergonomic}
     bool UseG1GC                                  = true                                      {product} {ergonomic}
     bool UseLargePagesIndividualAllocation        = false                                  {pd product} {ergonomic}

Logging:
Log output configuration:
 #0: stdout all=warning uptime,level,tags foldmultilines=false
 #1: stderr all=off uptime,level,tags foldmultilines=false

Environment Variables:
JAVA_HOME=C:\Program Files\Java\jdk-23
PATH=C:\Program Files\Common Files\Oracle\Java\javapath;C:\windows\system32;C:\windows;C:\windows\System32\Wbem;C:\windows\System32\WindowsPowerShell\v1.0\;C:\windows\System32\OpenSSH\;C:\Program Files (x86)\NVIDIA Corporation\PhysX\Common;C:\Program Files\NVIDIA Corporation\NVIDIA NvDLISR;C:\Users\Administrator\AppData\Local\Microsoft\WindowsApps;C:\Program Files\HP\OMEN-Broadcast\Common;C:\WINDOWS\system32;C:\WINDOWS;C:\WINDOWS\System32\Wbem;C:\WINDOWS\System32\WindowsPowerShell\v1.0\;C:\WINDOWS\System32\OpenSSH\;C:\Program Files\nodejs\;C:\Program Files\Git\cmd;C:\Program Files\Git\cmd;C:\Program Files\Git\bin;C:\Program Files\MySQL\MySQL Shell 8.0\bin\;C:\Users\ektas\AppData\Local\Programs\Python\Python311\Scripts\;C:\Users\ektas\AppData\Local\Programs\Python\Python311\;C:\Users\ektas\AppData\Local\Microsoft\WindowsApps;C:\Users\ektas\AppData\Local\Programs\Microsoft VS Code\bin;C:\Users\ektas\AppData\Roaming\npm;C:\Users\ektas\.bun\bin;C:\Users\ektas\AppData\Local\Programs\Antigravity\bin;C:\Program Files\PostgreSQL\17\bin;C:\Users\ektas\AppData\Local\Programs\Antigravity IDE\bin
USERNAME=Arnav
OS=Windows_NT
PROCESSOR_IDENTIFIER=Intel64 Family 6 Model 154 Stepping 3, GenuineIntel
TMP=C:\Users\ektas\AppData\Local\Temp
TEMP=C:\Users\ektas\AppData\Local\Temp




Periodic native trim disabled

---------------  S Y S T E M  ---------------

OS:
 Windows 11 , 64 bit Build 26100 (10.0.26100.8972)
OS uptime: 15 days 16:03 hours
Hyper-V role detected

CPU: total 12 (initial active 12) (6 cores per cpu, 2 threads per core) family 6 model 154 stepping 3 microcode 0x434, cx8, cmov, fxsr, ht, mmx, 3dnowpref, sse, sse2, sse3, ssse3, sse4.1, sse4.2, popcnt, lzcnt, tsc, tscinvbit, avx, avx2, aes, erms, clmul, bmi1, bmi2, adx, sha, fma, vzeroupper, clflush, clflushopt, clwb, hv, serialize, rdtscp, rdpid, fsrm, gfni, f16c, cet_ibt, cet_ss
Processor Information for the first 12 processors :
  Max Mhz: 2000, Current Mhz: 2000, Mhz Limit: 2000

Memory: 4k page, system-wide physical 7832M (246M free)
TotalPageFile size 31384M (AvailPageFile size 0M)
current process WorkingSet (physical memory assigned to process): 138M, peak: 143M
current process commit charge ("private bytes"): 239M, peak: 261M

vm_info: Java HotSpot(TM) 64-Bit Server VM (23.0.1+11-39) for windows-amd64 JRE (23.0.1+11-39), built on 2024-09-30T07:20:43Z with MS VC++ 17.6 (VS2022)

END.
